// Jest Snapshot v1, https://goo.gl/fbAQLP

exports[`ConfirmContainer should cancel payment 1`] = `
Array [
  Array [
    Array [
      "home",
    ],
  ],
]
`;

exports[`ConfirmContainer should confirm payment 1`] = `
Array [
  Array [
    Array [
      "payment",
      "refund",
    ],
  ],
]
`;

exports[`ConfirmContainer should render the component correctly 1`] = `
<payment-confirm-page
  cart$={[Function Observable]}
  cartService={[Function CartService]}
  paymentService={[Function Object]}
  router={[Function Object]}
>
  <payment-confirm
    ng-reflect-cart="[object Object]"
  >
    <div>
      Confirm: {
    "products": [
      {
        "name": "Pen",
        "price": 10
      },
      {
        "name": "Pencil",
        "price": 12
      }
    ],
    "total": 22,
    "currency": "GBP"
  }
    </div>
  </payment-confirm>
</payment-confirm-page>
`;
